[debug] [2026-09-09T08:21:01.515Z] ----------------------------------------------------------------------
[debug] [2026-09-09T08:21:01.523Z] Command:       C:\Program Files\nodejs\node.exe C:\Users\User\AppData\Roaming\npm\node_modules\firebase-tools\lib\bin\firebase.js deploy --only functions
[debug] [2026-09-09T08:21:01.524Z] CLI Version:   15.24.0
[debug] [2026-09-09T08:21:01.525Z] Platform:      win32
[debug] [2026-09-09T08:21:01.525Z] Node Version:  v24.15.0
[debug] [2026-09-09T08:21:01.525Z] Detected Agent: unknown
[debug] [2026-09-09T08:21:01.525Z] Time:          Wed Sep 09 2026 17:21:01 GMT+0900 (日本標準時)
[debug] [2026-09-09T08:21:01.526Z] ----------------------------------------------------------------------
[debug] 
[debug] [2026-09-09T08:21:05.953Z] > command requires scopes: ["email","openid","https://www.googleapis.com/auth/cloudplatformprojects.readonly","https://www.googleapis.com/auth/firebase","https://www.googleapis.com/auth/cloud-platform"]
[debug] [2026-09-09T08:21:05.953Z] > authorizing via signed-in user (tatsuya197102@gmail.com)
[debug] [2026-09-09T08:21:05.953Z] [iam] checking project employment-lms for permissions ["cloudfunctions.functions.create","cloudfunctions.functions.delete","cloudfunctions.functions.get","cloudfunctions.functions.list","cloudfunctions.functions.update","cloudfunctions.operations.get","firebase.projects.get"]
[debug] [2026-09-09T08:21:05.995Z] Checked if tokens are valid: false, expires at: 1788942259162
[debug] [2026-09-09T08:21:05.995Z] Checked if tokens are valid: false, expires at: 1788942259162
[debug] [2026-09-09T08:21:05.995Z] > refreshing access token with scopes: []
[debug] [2026-09-09T08:21:06.002Z] >>> [apiv2][query] POST https://www.googleapis.com/oauth2/v3/token [none]
[debug] [2026-09-09T08:21:06.002Z] >>> [apiv2][body] POST https://www.googleapis.com/oauth2/v3/token [omitted]
[debug] [2026-09-09T08:21:06.225Z] <<< [apiv2][status] POST https://www.googleapis.com/oauth2/v3/token 200
[debug] [2026-09-09T08:21:06.225Z] <<< [apiv2][body] POST https://www.googleapis.com/oauth2/v3/token [omitted]
[debug] [2026-09-09T08:21:06.245Z] >>> [apiv2][query] POST https://cloudresourcemanager.googleapis.com/v1/projects/employment-lms:testIamPermissions [none]
[debug] [2026-09-09T08:21:06.246Z] >>> [apiv2][(partial)header] POST https://cloudresourcemanager.googleapis.com/v1/projects/employment-lms:testIamPermissions  x-goog-user-project=employment-lms
[debug] [2026-09-09T08:21:06.246Z] >>> [apiv2][body] POST https://cloudresourcemanager.googleapis.com/v1/projects/employment-lms:testIamPermissions {"permissions":["cloudfunctions.functions.create","cloudfunctions.functions.delete","cloudfunctions.functions.get","cloudfunctions.functions.list","cloudfunctions.functions.update","cloudfunctions.operations.get","firebase.projects.get"]}
[debug] [2026-09-09T08:21:06.449Z] <<< [apiv2][status] POST https://cloudresourcemanager.googleapis.com/v1/projects/employment-lms:testIamPermissions 200
[debug] [2026-09-09T08:21:06.450Z] <<< [apiv2][body] POST https://cloudresourcemanager.googleapis.com/v1/projects/employment-lms:testIamPermissions {"permissions":["cloudfunctions.functions.create","cloudfunctions.functions.delete","cloudfunctions.functions.get","cloudfunctions.functions.list","cloudfunctions.functions.update","cloudfunctions.operations.get","firebase.projects.get"]}
[debug] [2026-09-09T08:21:06.450Z] Checked if tokens are valid: true, expires at: 1788945665225
[debug] [2026-09-09T08:21:06.451Z] Checked if tokens are valid: true, expires at: 1788945665225
[debug] [2026-09-09T08:21:06.451Z] >>> [apiv2][query] POST https://iam.googleapis.com/v1/projects/employment-lms/serviceAccounts/employment-lms@appspot.gserviceaccount.com:testIamPermissions [none]
[debug] [2026-09-09T08:21:06.451Z] >>> [apiv2][body] POST https://iam.googleapis.com/v1/projects/employment-lms/serviceAccounts/employment-lms@appspot.gserviceaccount.com:testIamPermissions {"permissions":["iam.serviceAccounts.actAs"]}
[debug] [2026-09-09T08:21:07.379Z] <<< [apiv2][status] POST https://iam.googleapis.com/v1/projects/employment-lms/serviceAccounts/employment-lms@appspot.gserviceaccount.com:testIamPermissions 200
[debug] [2026-09-09T08:21:07.379Z] <<< [apiv2][body] POST https://iam.googleapis.com/v1/projects/employment-lms/serviceAccounts/employment-lms@appspot.gserviceaccount.com:testIamPermissions {"permissions":["iam.serviceAccounts.actAs"]}
[info] 
[info] === Deploying to 'employment-lms'...
[info] 
[info] i  deploying functions 
[debug] [2026-09-09T08:21:07.389Z] Checked if tokens are valid: true, expires at: 1788945665225
[debug] [2026-09-09T08:21:07.389Z] Checked if tokens are valid: true, expires at: 1788945665225
[debug] [2026-09-09T08:21:07.390Z] >>> [apiv2][query] GET https://cloudresourcemanager.googleapis.com/v1/projects/employment-lms [none]
[debug] [2026-09-09T08:21:07.558Z] <<< [apiv2][status] GET https://cloudresourcemanager.googleapis.com/v1/projects/employment-lms 200
[debug] [2026-09-09T08:21:07.558Z] <<< [apiv2][body] GET https://cloudresourcemanager.googleapis.com/v1/projects/employment-lms {"projectNumber":"462721568368","projectId":"employment-lms","lifecycleState":"ACTIVE","name":"employment-lms","labels":{"firebase":"enabled","firebase-core":"disabled"},"createTime":"2026-06-26T05:58:19.677Z"}
[info] i  functions: preparing codebase default for deployment 
[info] i  functions: ensuring required API cloudfunctions.googleapis.com is enabled... 
[info] i  functions: ensuring required API cloudbuild.googleapis.com is enabled... 
[info] i  artifactregistry: ensuring required API artifactregistry.googleapis.com is enabled... 
[debug] [2026-09-09T08:21:07.571Z] Checked if tokens are valid: true, expires at: 1788945665225
[debug] [2026-09-09T08:21:07.571Z] Checked if tokens are valid: true, expires at: 1788945665225
[debug] [2026-09-09T08:21:07.572Z] >>> [apiv2][query] GET https://firebase.googleapis.com/v1beta1/projects/employment-lms/adminSdkConfig [none]
[debug] [2026-09-09T08:21:07.927Z] <<< [apiv2][status] GET https://firebase.googleapis.com/v1beta1/projects/employment-lms/adminSdkConfig 200
[debug] [2026-09-09T08:21:07.927Z] <<< [apiv2][body] GET https://firebase.googleapis.com/v1beta1/projects/employment-lms/adminSdkConfig {"projectId":"employment-lms","storageBucket":"employment-lms.firebasestorage.app"}
[debug] [2026-09-09T08:21:07.928Z] Checked if tokens are valid: true, expires at: 1788945665225
[debug] [2026-09-09T08:21:07.928Z] Checked if tokens are valid: true, expires at: 1788945665225
[debug] [2026-09-09T08:21:07.928Z] >>> [apiv2][query] GET https://runtimeconfig.googleapis.com/v1beta1/projects/employment-lms/configs [none]
[debug] [2026-09-09T08:21:08.568Z] <<< [apiv2][status] GET https://runtimeconfig.googleapis.com/v1beta1/projects/employment-lms/configs 200
[debug] [2026-09-09T08:21:08.568Z] <<< [apiv2][body] GET https://runtimeconfig.googleapis.com/v1beta1/projects/employment-lms/configs {}
[debug] [2026-09-09T08:21:08.573Z] Validating nodejs source
[debug] [2026-09-09T08:21:10.831Z] > [functions] package.json contents: {
  "name": "employment-lms-functions",
  "scripts": {
    "build": "tsc",
    "serve": "npm run build && firebase emulators:start --only functions",
    "deploy": "firebase deploy --only functions"
  },
  "engines": {
    "node": "22"
  },
  "main": "lib/index.js",
  "dependencies": {
    "firebase-admin": "^14.3.0",
    "firebase-functions": "^7.3.2",
    "nodemailer": "^6.9.13"
  },
  "devDependencies": {
    "typescript": "^5.9.3",
    "@types/nodemailer": "^6.4.14"
  },
  "private": true
}
[debug] [2026-09-09T08:21:10.831Z] Building nodejs source
[info] i  functions: Loading and analyzing source code for codebase default to determine what to deploy 
[debug] [2026-09-09T08:21:10.839Z] Could not find functions.yaml. Must use http discovery
[debug] [2026-09-09T08:21:10.866Z] Found firebase-functions binary at 'C:\Users\User\Desktop\employment-lms\functions\node_modules\.bin\firebase-functions'
[info] Serving at port 8641

[debug] [2026-09-09T08:21:13.420Z] Got response from /__/functions.yaml {"endpoints":{"onQuizPassed":{"platform":"gcfv1","availableMemoryMb":null,"timeoutSeconds":null,"minInstances":null,"maxInstances":null,"ingressSettings":null,"serviceAccountEmail":null,"vpc":null,"region":["asia-northeast1"],"eventTrigger":{"eventType":"providers/cloud.firestore/eventTypes/document.write","eventFilters":{"resource":"projects/{{ params.PROJECT_ID }}/databases/(default)/documents/companies/{companyId}/users/{userId}/progress/{moduleId}"},"retry":false},"labels":{},"entryPoint":"onQuizPassed"},"inviteUser":{"platform":"gcfv1","labels":{},"availableMemoryMb":null,"timeoutSeconds":null,"minInstances":null,"maxInstances":null,"ingressSettings":null,"serviceAccountEmail":null,"vpc":null,"region":["asia-northeast1"],"callableTrigger":{},"entryPoint":"inviteUser"},"bulkInviteUsers":{"platform":"gcfv1","labels":{},"availableMemoryMb":null,"timeoutSeconds":120,"minInstances":null,"maxInstances":null,"ingressSettings":null,"serviceAccountEmail":null,"vpc":null,"region":["asia-northeast1"],"callableTrigger":{},"entryPoint":"bulkInviteUsers"},"createAgency":{"platform":"gcfv1","labels":{},"availableMemoryMb":null,"timeoutSeconds":120,"minInstances":null,"maxInstances":null,"ingressSettings":null,"serviceAccountEmail":null,"vpc":null,"region":["asia-northeast1"],"callableTrigger":{},"entryPoint":"createAgency"},"listAgencies":{"platform":"gcfv1","labels":{},"availableMemoryMb":null,"timeoutSeconds":null,"minInstances":null,"maxInstances":null,"ingressSettings":null,"serviceAccountEmail":null,"vpc":null,"region":["asia-northeast1"],"callableTrigger":{},"entryPoint":"listAgencies"},"resetAgencyPassword":{"platform":"gcfv1","labels":{},"availableMemoryMb":null,"timeoutSeconds":null,"minInstances":null,"maxInstances":null,"ingressSettings":null,"serviceAccountEmail":null,"vpc":null,"region":["asia-northeast1"],"callableTrigger":{},"entryPoint":"resetAgencyPassword"},"deleteAgency":{"platform":"gcfv1","labels":{},"availableMemoryMb":null,"timeoutSeconds":120,"minInstances":null,"maxInstances":null,"ingressSettings":null,"serviceAccountEmail":null,"vpc":null,"region":["asia-northeast1"],"callableTrigger":{},"entryPoint":"deleteAgency"}},"specVersion":"v1alpha1","requiredAPIs":[],"extensions":{}}
[debug] [2026-09-09T08:21:16.506Z] Checked if tokens are valid: true, expires at: 1788945665225
[debug] [2026-09-09T08:21:16.506Z] Checked if tokens are valid: true, expires at: 1788945665225
[debug] [2026-09-09T08:21:16.506Z] >>> [apiv2][query] GET https://cloudfunctions.googleapis.com/v1/projects/employment-lms/locations/-/functions [none]
[debug] [2026-09-09T08:21:17.516Z] <<< [apiv2][status] GET https://cloudfunctions.googleapis.com/v1/projects/employment-lms/locations/-/functions 200
[debug] [2026-09-09T08:21:17.517Z] <<< [apiv2][body] GET https://cloudfunctions.googleapis.com/v1/projects/employment-lms/locations/-/functions {"functions":[{"name":"projects/employment-lms/locations/asia-northeast1/functions/createAgency","httpsTrigger":{"url":"https://asia-northeast1-employment-lms.cloudfunctions.net/createAgency","securityLevel":"SECURE_ALWAYS"},"status":"ACTIVE","entryPoint":"createAgency","timeout":"120s","availableMemoryMb":256,"serviceAccountEmail":"employment-lms@appspot.gserviceaccount.com","updateTime":"2026-09-09T07:29:52.867Z","versionId":"3","labels":{"firebase-functions-hash":"5bdd36505c7813825a5850b239544bd701cb34dc","deployment-tool":"cli-firebase","deployment-callable":"true"},"sourceUploadUrl":"https://storage.googleapis.com/uploads-1016991664020.asia-northeast1.cloudfunctions.appspot.com/cb866180-848b-4e9c-a4d2-f9555edb1221.zip","environmentVariables":{"FIREBASE_CONFIG":"{\"projectId\":\"employment-lms\",\"storageBucket\":\"employment-lms.firebasestorage.app\"}","GCLOUD_PROJECT":"employment-lms","EVENTARC_CLOUD_EVENT_SOURCE":"projects/employment-lms/locations/asia-northeast1/functions/createAgency"},"runtime":"nodejs22","ingressSettings":"ALLOW_ALL","buildId":"9a13ffe2-7233-48ed-92a0-962bcf67e248","buildEnvironmentVariables":{"GOOGLE_NODE_RUN_SCRIPTS":""},"buildName":"projects/462721568368/locations/asia-northeast1/builds/9a13ffe2-7233-48ed-92a0-962bcf67e248","dockerRegistry":"ARTIFACT_REGISTRY","automaticUpdatePolicy":{},"buildServiceAccount":"projects/employment-lms/serviceAccounts/462721568368-compute@developer.gserviceaccount.com","satisfiesPzi":true},{"name":"projects/employment-lms/locations/asia-northeast1/functions/inviteUser","httpsTrigger":{"url":"https://asia-northeast1-employment-lms.cloudfunctions.net/inviteUser","securityLevel":"SECURE_ALWAYS"},"status":"ACTIVE","entryPoint":"inviteUser","timeout":"60s","availableMemoryMb":256,"serviceAccountEmail":"employment-lms@appspot.gserviceaccount.com","updateTime":"2026-09-09T07:29:52.551Z","versionId":"4","labels":{"deployment-tool":"cli-firebase","deployment-callable":"true","firebase-functions-hash":"5bdd36505c7813825a5850b239544bd701cb34dc"},"sourceUploadUrl":"https://storage.googleapis.com/uploads-1016991664020.asia-northeast1.cloudfunctions.appspot.com/cb866180-848b-4e9c-a4d2-f9555edb1221.zip","environmentVariables":{"FIREBASE_CONFIG":"{\"projectId\":\"employment-lms\",\"storageBucket\":\"employment-lms.firebasestorage.app\"}","GCLOUD_PROJECT":"employment-lms","EVENTARC_CLOUD_EVENT_SOURCE":"projects/employment-lms/locations/asia-northeast1/functions/inviteUser"},"runtime":"nodejs22","ingressSettings":"ALLOW_ALL","buildId":"9a13ffe2-7233-48ed-92a0-962bcf67e248","buildEnvironmentVariables":{"GOOGLE_NODE_RUN_SCRIPTS":""},"buildName":"projects/462721568368/locations/asia-northeast1/builds/9a13ffe2-7233-48ed-92a0-962bcf67e248","dockerRegistry":"ARTIFACT_REGISTRY","automaticUpdatePolicy":{},"buildServiceAccount":"projects/employment-lms/serviceAccounts/462721568368-compute@developer.gserviceaccount.com","satisfiesPzi":true},{"name":"projects/employment-lms/locations/asia-northeast1/functions/onQuizPassed","eventTrigger":{"eventType":"providers/cloud.firestore/eventTypes/document.write","resource":"projects/employment-lms/databases/(default)/documents/companies/{companyId}/users/{userId}/progress/{moduleId}","service":"firestore.googleapis.com","failurePolicy":{}},"status":"ACTIVE","entryPoint":"onQuizPassed","timeout":"60s","availableMemoryMb":256,"serviceAccountEmail":"employment-lms@appspot.gserviceaccount.com","updateTime":"2026-09-09T07:29:52.552Z","versionId":"4","labels":{"deployment-tool":"cli-firebase","firebase-functions-hash":"5bdd36505c7813825a5850b239544bd701cb34dc"},"sourceUploadUrl":"https://storage.googleapis.com/uploads-1016991664020.asia-northeast1.cloudfunctions.appspot.com/cb866180-848b-4e9c-a4d2-f9555edb1221.zip","environmentVariables":{"FIREBASE_CONFIG":"{\"projectId\":\"employment-lms\",\"storageBucket\":\"employment-lms.firebasestorage.app\"}","GCLOUD_PROJECT":"employment-lms","EVENTARC_CLOUD_EVENT_SOURCE":"projects/employment-lms/locations/asia-northeast1/functions/onQuizPassed"},"runtime":"nodejs22","maxInstances":3000,"ingressSettings":"ALLOW_ALL","buildId":"9a13ffe2-7233-48ed-92a0-962bcf67e248","buildEnvironmentVariables":{"GOOGLE_NODE_RUN_SCRIPTS":""},"buildName":"projects/462721568368/locations/asia-northeast1/builds/9a13ffe2-7233-48ed-92a0-962bcf67e248","dockerRegistry":"ARTIFACT_REGISTRY","automaticUpdatePolicy":{},"buildServiceAccount":"projects/employment-lms/serviceAccounts/462721568368-compute@developer.gserviceaccount.com","satisfiesPzi":true},{"name":"projects/employment-lms/locations/asia-northeast1/functions/resetAgencyPassword","httpsTrigger":{"url":"https://asia-northeast1-employment-lms.cloudfunctions.net/resetAgencyPassword","securityLevel":"SECURE_ALWAYS"},"status":"ACTIVE","entryPoint":"resetAgencyPassword","timeout":"60s","availableMemoryMb":256,"serviceAccountEmail":"employment-lms@appspot.gserviceaccount.com","updateTime":"2026-09-09T07:29:53.137Z","versionId":"3","labels":{"deployment-tool":"cli-firebase","deployment-callable":"true","firebase-functions-hash":"5bdd36505c7813825a5850b239544bd701cb34dc"},"sourceUploadUrl":"https://storage.googleapis.com/uploads-1016991664020.asia-northeast1.cloudfunctions.appspot.com/cb866180-848b-4e9c-a4d2-f9555edb1221.zip","environmentVariables":{"FIREBASE_CONFIG":"{\"projectId\":\"employment-lms\",\"storageBucket\":\"employment-lms.firebasestorage.app\"}","GCLOUD_PROJECT":"employment-lms","EVENTARC_CLOUD_EVENT_SOURCE":"projects/employment-lms/locations/asia-northeast1/functions/resetAgencyPassword"},"runtime":"nodejs22","ingressSettings":"ALLOW_ALL","buildId":"9a13ffe2-7233-48ed-92a0-962bcf67e248","buildEnvironmentVariables":{"GOOGLE_NODE_RUN_SCRIPTS":""},"buildName":"projects/462721568368/locations/asia-northeast1/builds/9a13ffe2-7233-48ed-92a0-962bcf67e248","dockerRegistry":"ARTIFACT_REGISTRY","automaticUpdatePolicy":{},"buildServiceAccount":"projects/employment-lms/serviceAccounts/462721568368-compute@developer.gserviceaccount.com","satisfiesPzi":true},{"name":"projects/employment-lms/locations/asia-northeast1/functions/listAgencies","httpsTrigger":{"url":"https://asia-northeast1-employment-lms.cloudfunctions.net/listAgencies","securityLevel":"SECURE_ALWAYS"},"status":"ACTIVE","entryPoint":"listAgencies","timeout":"60s","availableMemoryMb":256,"serviceAccountEmail":"employment-lms@appspot.gserviceaccount.com","updateTime":"2026-09-09T07:29:52.597Z","versionId":"3","labels":{"deployment-tool":"cli-firebase","deployment-callable":"true","firebase-functions-hash":"5bdd36505c7813825a5850b239544bd701cb34dc"},"sourceUploadUrl":"https://storage.googleapis.com/uploads-1016991664020.asia-northeast1.cloudfunctions.appspot.com/cb866180-848b-4e9c-a4d2-f9555edb1221.zip","environmentVariables":{"FIREBASE_CONFIG":"{\"projectId\":\"employment-lms\",\"storageBucket\":\"employment-lms.firebasestorage.app\"}","GCLOUD_PROJECT":"employment-lms","EVENTARC_CLOUD_EVENT_SOURCE":"projects/employment-lms/locations/asia-northeast1/functions/listAgencies"},"runtime":"nodejs22","ingressSettings":"ALLOW_ALL","buildId":"9a13ffe2-7233-48ed-92a0-962bcf67e248","buildEnvironmentVariables":{"GOOGLE_NODE_RUN_SCRIPTS":""},"buildName":"projects/462721568368/locations/asia-northeast1/builds/9a13ffe2-7233-48ed-92a0-962bcf67e248","dockerRegistry":"ARTIFACT_REGISTRY","automaticUpdatePolicy":{},"buildServiceAccount":"projects/employment-lms/serviceAccounts/462721568368-compute@developer.gserviceaccount.com","satisfiesPzi":true},{"name":"projects/employment-lms/locations/asia-northeast1/functions/bulkInviteUsers","httpsTrigger":{"url":"https://asia-northeast1-employment-lms.cloudfunctions.net/bulkInviteUsers","securityLevel":"SECURE_ALWAYS"},"status":"ACTIVE","entryPoint":"bulkInviteUsers","timeout":"120s","availableMemoryMb":256,"serviceAccountEmail":"employment-lms@appspot.gserviceaccount.com","updateTime":"2026-09-09T07:29:52.696Z","versionId":"4","labels":{"deployment-tool":"cli-firebase","deployment-callable":"true","firebase-functions-hash":"5bdd36505c7813825a5850b239544bd701cb34dc"},"sourceUploadUrl":"https://storage.googleapis.com/uploads-1016991664020.asia-northeast1.cloudfunctions.appspot.com/cb866180-848b-4e9c-a4d2-f9555edb1221.zip","environmentVariables":{"FIREBASE_CONFIG":"{\"projectId\":\"employment-lms\",\"storageBucket\":\"employment-lms.firebasestorage.app\"}","GCLOUD_PROJECT":"employment-lms","EVENTARC_CLOUD_EVENT_SOURCE":"projects/employment-lms/locations/asia-northeast1/functions/bulkInviteUsers"},"runtime":"nodejs22","ingressSettings":"ALLOW_ALL","buildId":"9a13ffe2-7233-48ed-92a0-962bcf67e248","buildEnvironmentVariables":{"GOOGLE_NODE_RUN_SCRIPTS":""},"buildName":"projects/462721568368/locations/asia-northeast1/builds/9a13ffe2-7233-48ed-92a0-962bcf67e248","dockerRegistry":"ARTIFACT_REGISTRY","automaticUpdatePolicy":{},"buildServiceAccount":"projects/employment-lms/serviceAccounts/462721568368-compute@developer.gserviceaccount.com","satisfiesPzi":true}]}
[debug] [2026-09-09T08:21:17.518Z] Checked if tokens are valid: true, expires at: 1788945665225
[debug] [2026-09-09T08:21:17.519Z] Checked if tokens are valid: true, expires at: 1788945665225
[debug] [2026-09-09T08:21:17.519Z] >>> [apiv2][query] GET https://cloudfunctions.googleapis.com/v2/projects/employment-lms/locations/-/functions filter=environment%3D%22GEN_2%22
[debug] [2026-09-09T08:21:19.132Z] <<< [apiv2][status] GET https://cloudfunctions.googleapis.com/v2/projects/employment-lms/locations/-/functions 200
[debug] [2026-09-09T08:21:19.132Z] <<< [apiv2][body] GET https://cloudfunctions.googleapis.com/v2/projects/employment-lms/locations/-/functions {}
[info] i  extensions: ensuring required API firebaseextensions.googleapis.com is enabled... 
[debug] [2026-09-09T08:21:19.139Z] > command requires scopes: ["email","openid","https://www.googleapis.com/auth/cloudplatformprojects.readonly","https://www.googleapis.com/auth/firebase","https://www.googleapis.com/auth/cloud-platform"]
[debug] [2026-09-09T08:21:19.139Z] > authorizing via signed-in user (tatsuya197102@gmail.com)
[debug] [2026-09-09T08:21:19.140Z] [iam] checking project employment-lms for permissions ["firebase.projects.get","firebaseextensions.instances.list"]
[debug] [2026-09-09T08:21:19.140Z] Checked if tokens are valid: true, expires at: 1788945665225
[debug] [2026-09-09T08:21:19.141Z] Checked if tokens are valid: true, expires at: 1788945665225
[debug] [2026-09-09T08:21:19.141Z] >>> [apiv2][query] POST https://cloudresourcemanager.googleapis.com/v1/projects/employment-lms:testIamPermissions [none]
[debug] [2026-09-09T08:21:19.141Z] >>> [apiv2][(partial)header] POST https://cloudresourcemanager.googleapis.com/v1/projects/employment-lms:testIamPermissions  x-goog-user-project=employment-lms
[debug] [2026-09-09T08:21:19.141Z] >>> [apiv2][body] POST https://cloudresourcemanager.googleapis.com/v1/projects/employment-lms:testIamPermissions {"permissions":["firebase.projects.get","firebaseextensions.instances.list"]}
[debug] [2026-09-09T08:21:19.782Z] <<< [apiv2][status] POST https://cloudresourcemanager.googleapis.com/v1/projects/employment-lms:testIamPermissions 200
[debug] [2026-09-09T08:21:19.782Z] <<< [apiv2][body] POST https://cloudresourcemanager.googleapis.com/v1/projects/employment-lms:testIamPermissions {"permissions":["firebase.projects.get","firebaseextensions.instances.list"]}
[debug] [2026-09-09T08:21:19.783Z] Checked if tokens are valid: true, expires at: 1788945665225
[debug] [2026-09-09T08:21:19.783Z] Checked if tokens are valid: true, expires at: 1788945665225
[debug] [2026-09-09T08:21:19.784Z] >>> [apiv2][query] GET https://firebaseextensions.googleapis.com/v1beta/projects/employment-lms/instances pageSize=100&pageToken=
[debug] [2026-09-09T08:21:20.648Z] <<< [apiv2][status] GET https://firebaseextensions.googleapis.com/v1beta/projects/employment-lms/instances 200
[debug] [2026-09-09T08:21:20.648Z] <<< [apiv2][body] GET https://firebaseextensions.googleapis.com/v1beta/projects/employment-lms/instances {}
[info] i  functions: preparing functions directory for uploading... 
[info] i  functions: packaged C:\Users\User\Desktop\employment-lms\functions (54.18 KB) for uploading 
[debug] [2026-09-09T08:21:20.725Z] Checked if tokens are valid: true, expires at: 1788945665225
[debug] [2026-09-09T08:21:20.725Z] Checked if tokens are valid: true, expires at: 1788945665225
[debug] [2026-09-09T08:21:20.725Z] >>> [apiv2][query] GET https://firestore.googleapis.com/v1/projects/employment-lms/databases/(default) [none]
[debug] [2026-09-09T08:21:20.851Z] <<< [apiv2][status] GET https://firestore.googleapis.com/v1/projects/employment-lms/databases/(default) 200
[debug] [2026-09-09T08:21:20.851Z] <<< [apiv2][body] GET https://firestore.googleapis.com/v1/projects/employment-lms/databases/(default) {"name":"projects/employment-lms/databases/(default)","uid":"a52e93d3-5ac5-4726-b263-a239abcf9866","createTime":"2026-06-26T06:02:38.802592Z","updateTime":"2026-06-26T06:02:38.802592Z","locationId":"asia-northeast1","type":"FIRESTORE_NATIVE","concurrencyMode":"PESSIMISTIC","versionRetentionPeriod":"3600s","earliestVersionTime":"2026-09-09T07:21:20.826828Z","appEngineIntegrationMode":"DISABLED","keyPrefix":"b","pointInTimeRecoveryEnablement":"POINT_IN_TIME_RECOVERY_DISABLED","deleteProtectionState":"DELETE_PROTECTION_DISABLED","databaseEdition":"STANDARD","freeTier":true,"realtimeUpdatesMode":"REALTIME_UPDATES_MODE_ENABLED","enhancedTextSearchQueryMode":"ENHANCED_QUERY_MODE_ENABLED","etag":"IIG4gcqI4ZYDMI6ZzZmppJUD"}
[debug] [2026-09-09T08:21:20.867Z] Checked if tokens are valid: true, expires at: 1788945665225
[debug] [2026-09-09T08:21:20.867Z] Checked if tokens are valid: true, expires at: 1788945665225
[debug] [2026-09-09T08:21:20.868Z] >>> [apiv2][query] GET https://cloudresourcemanager.googleapis.com/v1/projects/employment-lms [none]
[debug] [2026-09-09T08:21:21.073Z] <<< [apiv2][status] GET https://cloudresourcemanager.googleapis.com/v1/projects/employment-lms 200
[debug] [2026-09-09T08:21:21.073Z] <<< [apiv2][body] GET https://cloudresourcemanager.googleapis.com/v1/projects/employment-lms {"projectNumber":"462721568368","projectId":"employment-lms","lifecycleState":"ACTIVE","name":"employment-lms","labels":{"firebase":"enabled","firebase-core":"disabled"},"createTime":"2026-06-26T05:58:19.677Z"}
[debug] [2026-09-09T08:21:21.081Z] Checked if tokens are valid: true, expires at: 1788945665225
[debug] [2026-09-09T08:21:21.081Z] Checked if tokens are valid: true, expires at: 1788945665225
[debug] [2026-09-09T08:21:21.082Z] >>> [apiv2][query] GET https://cloudbilling.googleapis.com/v1/projects/employment-lms/billingInfo [none]
[debug] [2026-09-09T08:21:21.082Z] >>> [apiv2][(partial)header] GET https://cloudbilling.googleapis.com/v1/projects/employment-lms/billingInfo  x-goog-user-project=employment-lms
[debug] [2026-09-09T08:21:22.307Z] <<< [apiv2][status] GET https://cloudbilling.googleapis.com/v1/projects/employment-lms/billingInfo 200
[debug] [2026-09-09T08:21:22.308Z] <<< [apiv2][body] GET https://cloudbilling.googleapis.com/v1/projects/employment-lms/billingInfo {"name":"projects/employment-lms/billingInfo","projectId":"employment-lms","billingAccountName":"billingAccounts/019D88-363F07-7DDC63","billingEnabled":true}
[debug] [2026-09-09T08:21:22.314Z] Checked if tokens are valid: true, expires at: 1788945665225
[debug] [2026-09-09T08:21:22.315Z] Checked if tokens are valid: true, expires at: 1788945665225
[debug] [2026-09-09T08:21:22.315Z] >>> [apiv2][query] POST https://cloudfunctions.googleapis.com/v1/projects/employment-lms/locations/asia-northeast1/functions:generateUploadUrl [none]
[debug] [2026-09-09T08:21:22.316Z] >>> [apiv2][body] POST https://cloudfunctions.googleapis.com/v1/projects/employment-lms/locations/asia-northeast1/functions:generateUploadUrl {}
[debug] [2026-09-09T08:21:25.737Z] <<< [apiv2][status] POST https://cloudfunctions.googleapis.com/v1/projects/employment-lms/locations/asia-northeast1/functions:generateUploadUrl 200
[debug] [2026-09-09T08:21:25.738Z] <<< [apiv2][body] POST https://cloudfunctions.googleapis.com/v1/projects/employment-lms/locations/asia-northeast1/functions:generateUploadUrl {"uploadUrl":"https://storage.googleapis.com/uploads-1016991664020.asia-northeast1.cloudfunctions.appspot.com/03f0bd79-f5a4-485a-8e9d-46182fb21861.zip?GoogleAccessId=service-462721568368@gcf-admin-robot.iam.gserviceaccount.com&Expires=1788943884&Signature=mJ1p4GqReCG8vXj5rjI6W7BnGC%2BamU5zBIh6QKnPWsoTMNYtzFMM2iw6wEBU00Fpqy8dX7OF8RRmYB0v391%2B1GyVH8peBTSBVflG%2FhOJj9ogJiDMMss254MTTh0cDCyXwugTnTwC7FAMAuI5NOxQuxhgtYZDVdxci775XnKaqqBNjrxqh5azncBhSYnPqjES9f%2BkKvHWaDrjkwtGsPzFOQ2aZyklJ0dmhSKwpFavOEPRsvv04BA2G3ghQ0VAKjvA75nSO1zIKkJxQJTJjaiCvnNfbCbcniuX3jspgwQHrfkqHSB5w%2FGOlzW3IYinPuoAjae3p74XNpj5TpFEAXLyuQ%3D%3D"}
[debug] [2026-09-09T08:21:25.741Z] >>> [apiv2][query] PUT https://storage.googleapis.com/uploads-1016991664020.asia-northeast1.cloudfunctions.appspot.com/03f0bd79-f5a4-485a-8e9d-46182fb21861.zip GoogleAccessId=service-462721568368%40gcf-admin-robot.iam.gserviceaccount.com&Expires=1788943884&Signature=mJ1p4GqReCG8vXj5rjI6W7BnGC%2BamU5zBIh6QKnPWsoTMNYtzFMM2iw6wEBU00Fpqy8dX7OF8RRmYB0v391%2B1GyVH8peBTSBVflG%2FhOJj9ogJiDMMss254MTTh0cDCyXwugTnTwC7FAMAuI5NOxQuxhgtYZDVdxci775XnKaqqBNjrxqh5azncBhSYnPqjES9f%2BkKvHWaDrjkwtGsPzFOQ2aZyklJ0dmhSKwpFavOEPRsvv04BA2G3ghQ0VAKjvA75nSO1zIKkJxQJTJjaiCvnNfbCbcniuX3jspgwQHrfkqHSB5w%2FGOlzW3IYinPuoAjae3p74XNpj5TpFEAXLyuQ%3D%3D
[debug] [2026-09-09T08:21:25.742Z] >>> [apiv2][body] PUT https://storage.googleapis.com/uploads-1016991664020.asia-northeast1.cloudfunctions.appspot.com/03f0bd79-f5a4-485a-8e9d-46182fb21861.zip [stream]
[debug] [2026-09-09T08:21:25.924Z] <<< [apiv2][status] PUT https://storage.googleapis.com/uploads-1016991664020.asia-northeast1.cloudfunctions.appspot.com/03f0bd79-f5a4-485a-8e9d-46182fb21861.zip 200
[debug] [2026-09-09T08:21:25.924Z] <<< [apiv2][body] PUT https://storage.googleapis.com/uploads-1016991664020.asia-northeast1.cloudfunctions.appspot.com/03f0bd79-f5a4-485a-8e9d-46182fb21861.zip [omitted]
[info] +  functions: functions source uploaded successfully 
[info] i  functions: creating Node.js 22 (1st Gen) function deleteAgency(asia-northeast1)... 
[info] i  functions: updating Node.js 22 (1st Gen) function onQuizPassed(asia-northeast1)... 
[info] i  functions: updating Node.js 22 (1st Gen) function inviteUser(asia-northeast1)... 
[info] i  functions: updating Node.js 22 (1st Gen) function bulkInviteUsers(asia-northeast1)... 
[info] i  functions: updating Node.js 22 (1st Gen) function createAgency(asia-northeast1)... 
[info] i  functions: updating Node.js 22 (1st Gen) function listAgencies(asia-northeast1)... 
[info] i  functions: updating Node.js 22 (1st Gen) function resetAgencyPassword(asia-northeast1)... 
[debug] [2026-09-09T08:21:25.947Z] Checked if tokens are valid: true, expires at: 1788945665225
[debug] [2026-09-09T08:21:25.948Z] Checked if tokens are valid: true, expires at: 1788945665225
[debug] [2026-09-09T08:21:25.948Z] >>> [apiv2][query] POST https://cloudfunctions.googleapis.com/v1/projects/employment-lms/locations/asia-northeast1/functions [none]
[debug] [2026-09-09T08:21:25.948Z] >>> [apiv2][body] POST https://cloudfunctions.googleapis.com/v1/projects/employment-lms/locations/asia-northeast1/functions {"name":"projects/employment-lms/locations/asia-northeast1/functions/deleteAgency","sourceUploadUrl":"https://storage.googleapis.com/uploads-1016991664020.asia-northeast1.cloudfunctions.appspot.com/03f0bd79-f5a4-485a-8e9d-46182fb21861.zip?GoogleAccessId=service-462721568368@gcf-admin-robot.iam.gserviceaccount.com&Expires=1788943884&Signature=mJ1p4GqReCG8vXj5rjI6W7BnGC%2BamU5zBIh6QKnPWsoTMNYtzFMM2iw6wEBU00Fpqy8dX7OF8RRmYB0v391%2B1GyVH8peBTSBVflG%2FhOJj9ogJiDMMss254MTTh0cDCyXwugTnTwC7FAMAuI5NOxQuxhgtYZDVdxci775XnKaqqBNjrxqh5azncBhSYnPqjES9f%2BkKvHWaDrjkwtGsPzFOQ2aZyklJ0dmhSKwpFavOEPRsvv04BA2G3ghQ0VAKjvA75nSO1zIKkJxQJTJjaiCvnNfbCbcniuX3jspgwQHrfkqHSB5w%2FGOlzW3IYinPuoAjae3p74XNpj5TpFEAXLyuQ%3D%3D","entryPoint":"deleteAgency","runtime":"nodejs22","dockerRegistry":"ARTIFACT_REGISTRY","labels":{"deployment-tool":"cli-firebase","deployment-callable":"true","firebase-functions-hash":"554082e3f17986f4eea4336c914cb5d093dce6fa"},"httpsTrigger":{"securityLevel":"SECURE_ALWAYS"},"minInstances":null,"maxInstances":null,"ingressSettings":null,"environmentVariables":{"FIREBASE_CONFIG":"{\"projectId\":\"employment-lms\",\"storageBucket\":\"employment-lms.firebasestorage.app\"}","GCLOUD_PROJECT":"employment-lms","EVENTARC_CLOUD_EVENT_SOURCE":"projects/employment-lms/locations/asia-northeast1/functions/deleteAgency"},"serviceAccountEmail":null,"availableMemoryMb":null,"timeout":"120s","vpcConnector":null,"vpcConnectorEgressSettings":null,"buildEnvironmentVariables":{"GOOGLE_NODE_RUN_SCRIPTS":""}}
[debug] [2026-09-09T08:21:27.146Z] <<< [apiv2][status] POST https://cloudfunctions.googleapis.com/v1/projects/employment-lms/locations/asia-northeast1/functions 200
[debug] [2026-09-09T08:21:27.146Z] <<< [apiv2][body] POST https://cloudfunctions.googleapis.com/v1/projects/employment-lms/locations/asia-northeast1/functions {"name":"operations/cHJvamVjdHMvZW1wbG95bWVudC1sbXMvbG9jYXRpb25zL2FzaWEtbm9ydGhlYXN0MS9vcGVyYXRpb25zL29wZXJhdGlvbi0xNzg4OTQyMDg2MjQ3LTY1YjA4ODk5MzE1MjgtMmI2MTRmMWYtMTVmZDllZTI","metadata":{"@type":"type.googleapis.com/google.cloud.functions.v1.OperationMetadataV1","target":"projects/employment-lms/locations/asia-northeast1/functions/deleteAgency","updateTime":"2026-09-09T08:21:27.060295140Z"}}
[debug] [2026-09-09T08:21:27.148Z] Checked if tokens are valid: true, expires at: 1788945665225
[debug] [2026-09-09T08:21:27.148Z] Checked if tokens are valid: true, expires at: 1788945665225
[debug] [2026-09-09T08:21:27.149Z] >>> [apiv2][query] GET https://cloudfunctions.googleapis.com/v1/operations/cHJvamVjdHMvZW1wbG95bWVudC1sbXMvbG9jYXRpb25zL2FzaWEtbm9ydGhlYXN0MS9vcGVyYXRpb25zL29wZXJhdGlvbi0xNzg4OTQyMDg2MjQ3LTY1YjA4ODk5MzE1MjgtMmI2MTRmMWYtMTVmZDllZTI [none]
[debug] [2026-09-09T08:21:27.347Z] <<< [apiv2][status] GET https://cloudfunctions.googleapis.com/v1/operations/cHJvamVjdHMvZW1wbG95bWVudC1sbXMvbG9jYXRpb25zL2FzaWEtbm9ydGhlYXN0MS9vcGVyYXRpb25zL29wZXJhdGlvbi0xNzg4OTQyMDg2MjQ3LTY1YjA4ODk5MzE1MjgtMmI2MTRmMWYtMTVmZDllZTI 200
[debug] [2026-09-09T08:21:27.347Z] <<< [apiv2][body] GET https://cloudfunctions.googleapis.com/v1/operations/cHJvamVjdHMvZW1wbG95bWVudC1sbXMvbG9jYXRpb25zL2FzaWEtbm9ydGhlYXN0MS9vcGVyYXRpb25zL29wZXJhdGlvbi0xNzg4OTQyMDg2MjQ3LTY1YjA4ODk5MzE1MjgtMmI2MTRmMWYtMTVmZDllZTI {"name":"operations/cHJvamVjdHMvZW1wbG95bWVudC1sbXMvbG9jYXRpb25zL2FzaWEtbm9ydGhlYXN0MS9vcGVyYXRpb25zL29wZXJhdGlvbi0xNzg4OTQyMDg2MjQ3LTY1YjA4ODk5MzE1MjgtMmI2MTRmMWYtMTVmZDllZTI","metadata":{"@type":"type.googleapis.com/google.cloud.functions.v1.OperationMetadataV1","target":"projects/employment-lms/locations/asia-northeast1/functions/deleteAgency","updateTime":"2026-09-09T08:21:27.060295140Z"}}
[debug] [2026-09-09T08:21:27.848Z] [create-default-asia-northeast1-deleteAgency] Retrying task index 0
[debug] [2026-09-09T08:21:27.849Z] Checked if tokens are valid: true, expires at: 1788945665225
[debug] [2026-09-09T08:21:27.849Z] Checked if tokens are valid: true, expires at: 1788945665225
[debug] [2026-09-09T08:21:27.850Z] >>> [apiv2][query] GET https://cloudfunctions.googleapis.com/v1/operations/cHJvamVjdHMvZW1wbG95bWVudC1sbXMvbG9jYXRpb25zL2FzaWEtbm9ydGhlYXN0MS9vcGVyYXRpb25zL29wZXJhdGlvbi0xNzg4OTQyMDg2MjQ3LTY1YjA4ODk5MzE1MjgtMmI2MTRmMWYtMTVmZDllZTI [none]
[debug] [2026-09-09T08:21:28.171Z] <<< [apiv2][status] GET https://cloudfunctions.googleapis.com/v1/operations/cHJvamVjdHMvZW1wbG95bWVudC1sbXMvbG9jYXRpb25zL2FzaWEtbm9ydGhlYXN0MS9vcGVyYXRpb25zL29wZXJhdGlvbi0xNzg4OTQyMDg2MjQ3LTY1YjA4ODk5MzE1MjgtMmI2MTRmMWYtMTVmZDllZTI 200
[debug] [2026-09-09T08:21:28.172Z] <<< [apiv2][body] GET https://cloudfunctions.googleapis.com/v1/operations/cHJvamVjdHMvZW1wbG95bWVudC1sbXMvbG9jYXRpb25zL2FzaWEtbm9ydGhlYXN0MS9vcGVyYXRpb25zL29wZXJhdGlvbi0xNzg4OTQyMDg2MjQ3LTY1YjA4ODk5MzE1MjgtMmI2MTRmMWYtMTVmZDllZTI {"name":"operations/cHJvamVjdHMvZW1wbG95bWVudC1sbXMvbG9jYXRpb25zL2FzaWEtbm9ydGhlYXN0MS9vcGVyYXRpb25zL29wZXJhdGlvbi0xNzg4OTQyMDg2MjQ3LTY1YjA4ODk5MzE1MjgtMmI2MTRmMWYtMTVmZDllZTI","metadata":{"@type":"type.googleapis.com/google.cloud.functions.v1.OperationMetadataV1","target":"projects/employment-lms/locations/asia-northeast1/functions/deleteAgency","updateTime":"2026-09-09T08:21:27.060295140Z"}}
[debug] [2026-09-09T08:21:29.185Z] [create-default-asia-northeast1-deleteAgency] Retrying task index 0
[debug] [2026-09-09T08:21:29.186Z] Checked if tokens are valid: true, expires at: 1788945665225
[debug] [2026-09-09T08:21:29.186Z] Checked if tokens are valid: true, expires at: 1788945665225
[debug] [2026-09-09T08:21:29.186Z] >>> [apiv2][query] GET https://cloudfunctions.googleapis.com/v1/operations/cHJvamVjdHMvZW1wbG95bWVudC1sbXMvbG9jYXRpb25zL2FzaWEtbm9ydGhlYXN0MS9vcGVyYXRpb25zL29wZXJhdGlvbi0xNzg4OTQyMDg2MjQ3LTY1YjA4ODk5MzE1MjgtMmI2MTRmMWYtMTVmZDllZTI [none]
[debug] [2026-09-09T08:21:29.409Z] <<< [apiv2][status] GET https://cloudfunctions.googleapis.com/v1/operations/cHJvamVjdHMvZW1wbG95bWVudC1sbXMvbG9jYXRpb25zL2FzaWEtbm9ydGhlYXN0MS9vcGVyYXRpb25zL29wZXJhdGlvbi0xNzg4OTQyMDg2MjQ3LTY1YjA4ODk5MzE1MjgtMmI2MTRmMWYtMTVmZDllZTI 200
[debug] [2026-09-09T08:21:29.409Z] <<< [apiv2][body] GET https://cloudfunctions.googleapis.com/v1/operations/cHJvamVjdHMvZW1wbG95bWVudC1sbXMvbG9jYXRpb25zL2FzaWEtbm9ydGhlYXN0MS9vcGVyYXRpb25zL29wZXJhdGlvbi0xNzg4OTQyMDg2MjQ3LTY1YjA4ODk5MzE1MjgtMmI2MTRmMWYtMTVmZDllZTI {"name":"operations/cHJvamVjdHMvZW1wbG95bWVudC1sbXMvbG9jYXRpb25zL2FzaWEtbm9ydGhlYXN0MS9vcGVyYXRpb25zL29wZXJhdGlvbi0xNzg4OTQyMDg2MjQ3LTY1YjA4ODk5MzE1MjgtMmI2MTRmMWYtMTVmZDllZTI","metadata":{"@type":"type.googleapis.com/google.cloud.functions.v1.OperationMetadataV1","target":"projects/employment-lms/locations/asia-northeast1/functions/deleteAgency","updateTime":"2026-09-09T08:21:27.060295140Z"}}
[debug] [2026-09-09T08:21:31.415Z] [create-default-asia-northeast1-deleteAgency] Retrying task index 0
[debug] [2026-09-09T08:21:31.416Z] Checked if tokens are valid: true, expires at: 1788945665225
[debug] [2026-09-09T08:21:31.417Z] Checked if tokens are valid: true, expires at: 1788945665225
[debug] [2026-09-09T08:21:31.417Z] >>> [apiv2][query] GET https://cloudfunctions.googleapis.com/v1/operations/cHJvamVjdHMvZW1wbG95bWVudC1sbXMvbG9jYXRpb25zL2FzaWEtbm9ydGhlYXN0MS9vcGVyYXRpb25zL29wZXJhdGlvbi0xNzg4OTQyMDg2MjQ3LTY1YjA4ODk5MzE1MjgtMmI2MTRmMWYtMTVmZDllZTI [none]
[debug] [2026-09-09T08:21:31.724Z] <<< [apiv2][status] GET https://cloudfunctions.googleapis.com/v1/operations/cHJvamVjdHMvZW1wbG95bWVudC1sbXMvbG9jYXRpb25zL2FzaWEtbm9ydGhlYXN0MS9vcGVyYXRpb25zL29wZXJhdGlvbi0xNzg4OTQyMDg2MjQ3LTY1YjA4ODk5MzE1MjgtMmI2MTRmMWYtMTVmZDllZTI 200
[debug] [2026-09-09T08:21:31.725Z] <<< [apiv2][body] GET https://cloudfunctions.googleapis.com/v1/operations/cHJvamVjdHMvZW1wbG95bWVudC1sbXMvbG9jYXRpb25zL2FzaWEtbm9ydGhlYXN0MS9vcGVyYXRpb25zL29wZXJhdGlvbi0xNzg4OTQyMDg2MjQ3LTY1YjA4ODk5MzE1MjgtMmI2MTRmMWYtMTVmZDllZTI {"name":"operations/cHJvamVjdHMvZW1wbG95bWVudC1sbXMvbG9jYXRpb25zL2FzaWEtbm9ydGhlYXN0MS9vcGVyYXRpb25zL29wZXJhdGlvbi0xNzg4OTQyMDg2MjQ3LTY1YjA4ODk5MzE1MjgtMmI2MTRmMWYtMTVmZDllZTI","metadata":{"@type":"type.googleapis.com/google.cloud.functions.v1.OperationMetadataV1","target":"projects/employment-lms/locations/asia-northeast1/functions/deleteAgency","type":"CREATE_FUNCTION","request":{"@type":"type.googleapis.com/google.cloud.functions.v1.CloudFunction","name":"projects/employment-lms/locations/asia-northeast1/functions/deleteAgency","httpsTrigger":{"securityLevel":"SECURE_ALWAYS"},"entryPoint":"deleteAgency","timeout":"120s","updateTime":"1970-01-01T00:00:00Z","labels":{"deployment-tool":"cli-firebase","deployment-callable":"true","firebase-functions-hash":"554082e3f17986f4eea4336c914cb5d093dce6fa"},"sourceUploadUrl":"https://storage.googleapis.com/uploads-1016991664020.asia-northeast1.cloudfunctions.appspot.com/03f0bd79-f5a4-485a-8e9d-46182fb21861.zip?GoogleAccessId=service-462721568368@gcf-admin-robot.iam.gserviceaccount.com&Expires=1788943884&Signature=mJ1p4GqReCG8vXj5rjI6W7BnGC%2BamU5zBIh6QKnPWsoTMNYtzFMM2iw6wEBU00Fpqy8dX7OF8RRmYB0v391%2B1GyVH8peBTSBVflG%2FhOJj9ogJiDMMss254MTTh0cDCyXwugTnTwC7FAMAuI5NOxQuxhgtYZDVdxci775XnKaqqBNjrxqh5azncBhSYnPqjES9f%2BkKvHWaDrjkwtGsPzFOQ2aZyklJ0dmhSKwpFavOEPRsvv04BA2G3ghQ0VAKjvA75nSO1zIKkJxQJTJjaiCvnNfbCbcniuX3jspgwQHrfkqHSB5w%2FGOlzW3IYinPuoAjae3p74XNpj5TpFEAXLyuQ%3D%3D","environmentVariables":{"FIREBASE_CONFIG":"{\"projectId\":\"employment-lms\",\"storageBucket\":\"employment-lms.firebasestorage.app\"}","GCLOUD_PROJECT":"employment-lms","EVENTARC_CLOUD_EVENT_SOURCE":"projects/employment-lms/locations/asia-northeast1/functions/deleteAgency"},"runtime":"nodejs22","buildEnvironmentVariables":{"GOOGLE_NODE_RUN_SCRIPTS":""},"dockerRegistry":"ARTIFACT_REGISTRY"},"versionId":"1","updateTime":"2026-09-09T08:21:27.060295140Z"}}
[debug] [2026-09-09T08:21:35.728Z] [create-default-asia-northeast1-deleteAgency] Retrying task index 0
[debug] [2026-09-09T08:21:35.729Z] Checked if tokens are valid: true, expires at: 1788945665225
[debug] [2026-09-09T08:21:35.729Z] Checked if tokens are valid: true, expires at: 1788945665225
[debug] [2026-09-09T08:21:35.729Z] >>> [apiv2][query] GET https://cloudfunctions.googleapis.com/v1/operations/cHJvamVjdHMvZW1wbG95bWVudC1sbXMvbG9jYXRpb25zL2FzaWEtbm9ydGhlYXN0MS9vcGVyYXRpb25zL29wZXJhdGlvbi0xNzg4OTQyMDg2MjQ3LTY1YjA4ODk5MzE1MjgtMmI2MTRmMWYtMTVmZDllZTI [none]
[debug] [2026-09-09T08:21:36.099Z] <<< [apiv2][status] GET https://cloudfunctions.googleapis.com/v1/operations/cHJvamVjdHMvZW1wbG95bWVudC1sbXMvbG9jYXRpb25zL2FzaWEtbm9ydGhlYXN0MS9vcGVyYXRpb25zL29wZXJhdGlvbi0xNzg4OTQyMDg2MjQ3LTY1YjA4ODk5MzE1MjgtMmI2MTRmMWYtMTVmZDllZTI 200
[debug] [2026-09-09T08:21:36.100Z] <<< [apiv2][body] GET https://cloudfunctions.googleapis.com/v1/operations/cHJvamVjdHMvZW1wbG95bWVudC1sbXMvbG9jYXRpb25zL2FzaWEtbm9ydGhlYXN0MS9vcGVyYXRpb25zL29wZXJhdGlvbi0xNzg4OTQyMDg2MjQ3LTY1YjA4ODk5MzE1MjgtMmI2MTRmMWYtMTVmZDllZTI {"name":"operations/cHJvamVjdHMvZW1wbG95bWVudC1sbXMvbG9jYXRpb25zL2FzaWEtbm9ydGhlYXN0MS9vcGVyYXRpb25zL29wZXJhdGlvbi0xNzg4OTQyMDg2MjQ3LTY1YjA4ODk5MzE1MjgtMmI2MTRmMWYtMTVmZDllZTI","metadata":{"@type":"type.googleapis.com/google.cloud.functions.v1.OperationMetadataV1","target":"projects/employment-lms/locations/asia-northeast1/functions/deleteAgency","type":"CREATE_FUNCTION","request":{"@type":"type.googleapis.com/google.cloud.functions.v1.CloudFunction","name":"projects/employment-lms/locations/asia-northeast1/functions/deleteAgency","httpsTrigger":{"securityLevel":"SECURE_ALWAYS"},"entryPoint":"deleteAgency","timeout":"120s","updateTime":"1970-01-01T00:00:00Z","labels":{"deployment-tool":"cli-firebase","deployment-callable":"true","firebase-functions-hash":"554082e3f17986f4eea4336c914cb5d093dce6fa"},"sourceUploadUrl":"https://storage.googleapis.com/uploads-1016991664020.asia-northeast1.cloudfunctions.appspot.com/03f0bd79-f5a4-485a-8e9d-46182fb21861.zip?GoogleAccessId=service-462721568368@gcf-admin-robot.iam.gserviceaccount.com&Expires=1788943884&Signature=mJ1p4GqReCG8vXj5rjI6W7BnGC%2BamU5zBIh6QKnPWsoTMNYtzFMM2iw6wEBU00Fpqy8dX7OF8RRmYB0v391%2B1GyVH8peBTSBVflG%2FhOJj9ogJiDMMss254MTTh0cDCyXwugTnTwC7FAMAuI5NOxQuxhgtYZDVdxci775XnKaqqBNjrxqh5azncBhSYnPqjES9f%2BkKvHWaDrjkwtGsPzFOQ2aZyklJ0dmhSKwpFavOEPRsvv04BA2G3ghQ0VAKjvA75nSO1zIKkJxQJTJjaiCvnNfbCbcniuX3jspgwQHrfkqHSB5w%2FGOlzW3IYinPuoAjae3p74XNpj5TpFEAXLyuQ%3D%3D","environmentVariables":{"FIREBASE_CONFIG":"{\"projectId\":\"employment-lms\",\"storageBucket\":\"employment-lms.firebasestorage.app\"}","GCLOUD_PROJECT":"employment-lms","EVENTARC_CLOUD_EVENT_SOURCE":"projects/employment-lms/locations/asia-northeast1/functions/deleteAgency"},"runtime":"nodejs22","buildEnvironmentVariables":{"GOOGLE_NODE_RUN_SCRIPTS":""},"dockerRegistry":"ARTIFACT_REGISTRY"},"versionId":"1","updateTime":"2026-09-09T08:21:27.060295140Z","buildId":"6a2eccd8-923d-4adc-840c-94cf8ca88f13","buildName":"projects/462721568368/locations/asia-northeast1/builds/6a2eccd8-923d-4adc-840c-94cf8ca88f13"}}
[debug] [2026-09-09T08:21:44.101Z] [create-default-asia-northeast1-deleteAgency] Retrying task index 0
[debug] [2026-09-09T08:21:44.102Z] Checked if tokens are valid: true, expires at: 1788945665225
[debug] [2026-09-09T08:21:44.102Z] Checked if tokens are valid: true, expires at: 1788945665225
[debug] [2026-09-09T08:21:44.102Z] >>> [apiv2][query] GET https://cloudfunctions.googleapis.com/v1/operations/cHJvamVjdHMvZW1wbG95bWVudC1sbXMvbG9jYXRpb25zL2FzaWEtbm9ydGhlYXN0MS9vcGVyYXRpb25zL29wZXJhdGlvbi0xNzg4OTQyMDg2MjQ3LTY1YjA4ODk5MzE1MjgtMmI2MTRmMWYtMTVmZDllZTI [none]
[debug] [2026-09-09T08:21:44.432Z] <<< [apiv2][status] GET https://cloudfunctions.googleapis.com/v1/operations/cHJvamVjdHMvZW1wbG95bWVudC1sbXMvbG9jYXRpb25zL2FzaWEtbm9ydGhlYXN0MS9vcGVyYXRpb25zL29wZXJhdGlvbi0xNzg4OTQyMDg2MjQ3LTY1YjA4ODk5MzE1MjgtMmI2MTRmMWYtMTVmZDllZTI 200
[debug] [2026-09-09T08:21:44.432Z] <<< [apiv2][body] GET https://cloudfunctions.googleapis.com/v1/operations/cHJvamVjdHMvZW1wbG95bWVudC1sbXMvbG9jYXRpb25zL2FzaWEtbm9ydGhlYXN0MS9vcGVyYXRpb25zL29wZXJhdGlvbi0xNzg4OTQyMDg2MjQ3LTY1YjA4ODk5MzE1MjgtMmI2MTRmMWYtMTVmZDllZTI {"name":"operations/cHJvamVjdHMvZW1wbG95bWVudC1sbXMvbG9jYXRpb25zL2FzaWEtbm9ydGhlYXN0MS9vcGVyYXRpb25zL29wZXJhdGlvbi0xNzg4OTQyMDg2MjQ3LTY1YjA4ODk5MzE1MjgtMmI2MTRmMWYtMTVmZDllZTI","metadata":{"@type":"type.googleapis.com/google.cloud.functions.v1.OperationMetadataV1","target":"projects/employment-lms/locations/asia-northeast1/functions/deleteAgency","type":"CREATE_FUNCTION","request":{"@type":"type.googleapis.com/google.cloud.functions.v1.CloudFunction","name":"projects/employment-lms/locations/asia-northeast1/functions/deleteAgency","httpsTrigger":{"securityLevel":"SECURE_ALWAYS"},"entryPoint":"deleteAgency","timeout":"120s","updateTime":"1970-01-01T00:00:00Z","labels":{"deployment-tool":"cli-firebase","deployment-callable":"true","firebase-functions-hash":"554082e3f17986f4eea4336c914cb5d093dce6fa"},"sourceUploadUrl":"https://storage.googleapis.com/uploads-1016991664020.asia-northeast1.cloudfunctions.appspot.com/03f0bd79-f5a4-485a-8e9d-46182fb21861.zip?GoogleAccessId=service-462721568368@gcf-admin-robot.iam.gserviceaccount.com&Expires=1788943884&Signature=mJ1p4GqReCG8vXj5rjI6W7BnGC%2BamU5zBIh6QKnPWsoTMNYtzFMM2iw6wEBU00Fpqy8dX7OF8RRmYB0v391%2B1GyVH8peBTSBVflG%2FhOJj9ogJiDMMss254MTTh0cDCyXwugTnTwC7FAMAuI5NOxQuxhgtYZDVdxci775XnKaqqBNjrxqh5azncBhSYnPqjES9f%2BkKvHWaDrjkwtGsPzFOQ2aZyklJ0dmhSKwpFavOEPRsvv04BA2G3ghQ0VAKjvA75nSO1zIKkJxQJTJjaiCvnNfbCbcniuX3jspgwQHrfkqHSB5w%2FGOlzW3IYinPuoAjae3p74XNpj5TpFEAXLyuQ%3D%3D","environmentVariables":{"FIREBASE_CONFIG":"{\"projectId\":\"employment-lms\",\"storageBucket\":\"employment-lms.firebasestorage.app\"}","GCLOUD_PROJECT":"employment-lms","EVENTARC_CLOUD_EVENT_SOURCE":"projects/employment-lms/locations/asia-northeast1/functions/deleteAgency"},"runtime":"nodejs22","buildEnvironmentVariables":{"GOOGLE_NODE_RUN_SCRIPTS":""},"dockerRegistry":"ARTIFACT_REGISTRY"},"versionId":"1","updateTime":"2026-09-09T08:21:27.060295140Z","buildId":"6a2eccd8-923d-4adc-840c-94cf8ca88f13","buildName":"projects/462721568368/locations/asia-northeast1/builds/6a2eccd8-923d-4adc-840c-94cf8ca88f13"}}
[debug] [2026-09-09T08:21:54.442Z] [create-default-asia-northeast1-deleteAgency] Retrying task index 0
[debug] [2026-09-09T08:21:54.443Z] Checked if tokens are valid: true, expires at: 1788945665225
[debug] [2026-09-09T08:21:54.443Z] Checked if tokens are valid: true, expires at: 1788945665225
[debug] [2026-09-09T08:21:54.443Z] >>> [apiv2][query] GET https://cloudfunctions.googleapis.com/v1/operations/cHJvamVjdHMvZW1wbG95bWVudC1sbXMvbG9jYXRpb25zL2FzaWEtbm9ydGhlYXN0MS9vcGVyYXRpb25zL29wZXJhdGlvbi0xNzg4OTQyMDg2MjQ3LTY1YjA4ODk5MzE1MjgtMmI2MTRmMWYtMTVmZDllZTI [none]
[debug] [2026-09-09T08:21:54.639Z] <<< [apiv2][status] GET https://cloudfunctions.googleapis.com/v1/operations/cHJvamVjdHMvZW1wbG95bWVudC1sbXMvbG9jYXRpb25zL2FzaWEtbm9ydGhlYXN0MS9vcGVyYXRpb25zL29wZXJhdGlvbi0xNzg4OTQyMDg2MjQ3LTY1YjA4ODk5MzE1MjgtMmI2MTRmMWYtMTVmZDllZTI 200
[debug] [2026-09-09T08:21:54.639Z] <<< [apiv2][body] GET https://cloudfunctions.googleapis.com/v1/operations/cHJvamVjdHMvZW1wbG95bWVudC1sbXMvbG9jYXRpb25zL2FzaWEtbm9ydGhlYXN0MS9vcGVyYXRpb25zL29wZXJhdGlvbi0xNzg4OTQyMDg2MjQ3LTY1YjA4ODk5MzE1MjgtMmI2MTRmMWYtMTVmZDllZTI {"name":"operations/cHJvamVjdHMvZW1wbG95bWVudC1sbXMvbG9jYXRpb25zL2FzaWEtbm9ydGhlYXN0MS9vcGVyYXRpb25zL29wZXJhdGlvbi0xNzg4OTQyMDg2MjQ3LTY1YjA4ODk5MzE1MjgtMmI2MTRmMWYtMTVmZDllZTI","metadata":{"@type":"type.googleapis.com/google.cloud.functions.v1.OperationMetadataV1","target":"projects/employment-lms/locations/asia-northeast1/functions/deleteAgency","type":"CREATE_FUNCTION","request":{"@type":"type.googleapis.com/google.cloud.functions.v1.CloudFunction","name":"projects/employment-lms/locations/asia-northeast1/functions/deleteAgency","httpsTrigger":{"securityLevel":"SECURE_ALWAYS"},"entryPoint":"deleteAgency","timeout":"120s","updateTime":"1970-01-01T00:00:00Z","labels":{"deployment-tool":"cli-firebase","deployment-callable":"true","firebase-functions-hash":"554082e3f17986f4eea4336c914cb5d093dce6fa"},"sourceUploadUrl":"https://storage.googleapis.com/uploads-1016991664020.asia-northeast1.cloudfunctions.appspot.com/03f0bd79-f5a4-485a-8e9d-46182fb21861.zip?GoogleAccessId=service-462721568368@gcf-admin-robot.iam.gserviceaccount.com&Expires=1788943884&Signature=mJ1p4GqReCG8vXj5rjI6W7BnGC%2BamU5zBIh6QKnPWsoTMNYtzFMM2iw6wEBU00Fpqy8dX7OF8RRmYB0v391%2B1GyVH8peBTSBVflG%2FhOJj9ogJiDMMss254MTTh0cDCyXwugTnTwC7FAMAuI5NOxQuxhgtYZDVdxci775XnKaqqBNjrxqh5azncBhSYnPqjES9f%2BkKvHWaDrjkwtGsPzFOQ2aZyklJ0dmhSKwpFavOEPRsvv04BA2G3ghQ0VAKjvA75nSO1zIKkJxQJTJjaiCvnNfbCbcniuX3jspgwQHrfkqHSB5w%2FGOlzW3IYinPuoAjae3p74XNpj5TpFEAXLyuQ%3D%3D","environmentVariables":{"FIREBASE_CONFIG":"{\"projectId\":\"employment-lms\",\"storageBucket\":\"employment-lms.firebasestorage.app\"}","GCLOUD_PROJECT":"employment-lms","EVENTARC_CLOUD_EVENT_SOURCE":"projects/employment-lms/locations/asia-northeast1/functions/deleteAgency"},"runtime":"nodejs22","buildEnvironmentVariables":{"GOOGLE_NODE_RUN_SCRIPTS":""},"dockerRegistry":"ARTIFACT_REGISTRY"},"versionId":"1","updateTime":"2026-09-09T08:21:27.060295140Z","buildId":"6a2eccd8-923d-4adc-840c-94cf8ca88f13","buildName":"projects/462721568368/locations/asia-northeast1/builds/6a2eccd8-923d-4adc-840c-94cf8ca88f13"}}
[debug] [2026-09-09T08:22:04.641Z] [create-default-asia-northeast1-deleteAgency] Retrying task index 0
[debug] [2026-09-09T08:22:04.643Z] Checked if tokens are valid: true, expires at: 1788945665225
[debug] [2026-09-09T08:22:04.643Z] Checked if tokens are valid: true, expires at: 1788945665225
[debug] [2026-09-09T08:22:04.643Z] >>> [apiv2][query] GET https://cloudfunctions.googleapis.com/v1/operations/cHJvamVjdHMvZW1wbG95bWVudC1sbXMvbG9jYXRpb25zL2FzaWEtbm9ydGhlYXN0MS9vcGVyYXRpb25zL29wZXJhdGlvbi0xNzg4OTQyMDg2MjQ3LTY1YjA4ODk5MzE1MjgtMmI2MTRmMWYtMTVmZDllZTI [none]
[debug] [2026-09-09T08:22:05.001Z] <<< [apiv2][status] GET https://cloudfunctions.googleapis.com/v1/operations/cHJvamVjdHMvZW1wbG95bWVudC1sbXMvbG9jYXRpb25zL2FzaWEtbm9ydGhlYXN0MS9vcGVyYXRpb25zL29wZXJhdGlvbi0xNzg4OTQyMDg2MjQ3LTY1YjA4ODk5MzE1MjgtMmI2MTRmMWYtMTVmZDllZTI 200
[debug] [2026-09-09T08:22:05.002Z] <<< [apiv2][body] GET https://cloudfunctions.googleapis.com/v1/operations/cHJvamVjdHMvZW1wbG95bWVudC1sbXMvbG9jYXRpb25zL2FzaWEtbm9ydGhlYXN0MS9vcGVyYXRpb25zL29wZXJhdGlvbi0xNzg4OTQyMDg2MjQ3LTY1YjA4ODk5MzE1MjgtMmI2MTRmMWYtMTVmZDllZTI {"name":"operations/cHJvamVjdHMvZW1wbG95bWVudC1sbXMvbG9jYXRpb25zL2FzaWEtbm9ydGhlYXN0MS9vcGVyYXRpb25zL29wZXJhdGlvbi0xNzg4OTQyMDg2MjQ3LTY1YjA4ODk5MzE1MjgtMmI2MTRmMWYtMTVmZDllZTI","metadata":{"@type":"type.googleapis.com/google.cloud.functions.v1.OperationMetadataV1","target":"projects/employment-lms/locations/asia-northeast1/functions/deleteAgency","type":"CREATE_FUNCTION","request":{"@type":"type.googleapis.com/google.cloud.functions.v1.CloudFunction","name":"projects/employment-lms/locations/asia-northeast1/functions/deleteAgency","httpsTrigger":{"securityLevel":"SECURE_ALWAYS"},"entryPoint":"deleteAgency","timeout":"120s","updateTime":"1970-01-01T00:00:00Z","labels":{"deployment-tool":"cli-firebase","deployment-callable":"true","firebase-functions-hash":"554082e3f17986f4eea4336c914cb5d093dce6fa"},"sourceUploadUrl":"https://storage.googleapis.com/uploads-1016991664020.asia-northeast1.cloudfunctions.appspot.com/03f0bd79-f5a4-485a-8e9d-46182fb21861.zip?GoogleAccessId=service-462721568368@gcf-admin-robot.iam.gserviceaccount.com&Expires=1788943884&Signature=mJ1p4GqReCG8vXj5rjI6W7BnGC%2BamU5zBIh6QKnPWsoTMNYtzFMM2iw6wEBU00Fpqy8dX7OF8RRmYB0v391%2B1GyVH8peBTSBVflG%2FhOJj9ogJiDMMss254MTTh0cDCyXwugTnTwC7FAMAuI5NOxQuxhgtYZDVdxci775XnKaqqBNjrxqh5azncBhSYnPqjES9f%2BkKvHWaDrjkwtGsPzFOQ2aZyklJ0dmhSKwpFavOEPRsvv04BA2G3ghQ0VAKjvA75nSO1zIKkJxQJTJjaiCvnNfbCbcniuX3jspgwQHrfkqHSB5w%2FGOlzW3IYinPuoAjae3p74XNpj5TpFEAXLyuQ%3D%3D","environmentVariables":{"FIREBASE_CONFIG":"{\"projectId\":\"employment-lms\",\"storageBucket\":\"employment-lms.firebasestorage.app\"}","GCLOUD_PROJECT":"employment-lms","EVENTARC_CLOUD_EVENT_SOURCE":"projects/employment-lms/locations/asia-northeast1/functions/deleteAgency"},"runtime":"nodejs22","buildEnvironmentVariables":{"GOOGLE_NODE_RUN_SCRIPTS":""},"dockerRegistry":"ARTIFACT_REGISTRY"},"versionId":"1","updateTime":"2026-09-09T08:21:27.060295140Z","buildId":"6a2eccd8-923d-4adc-840c-94cf8ca88f13","buildName":"projects/462721568368/locations/asia-northeast1/builds/6a2eccd8-923d-4adc-840c-94cf8ca88f13"}}
[debug] [2026-09-09T08:22:15.006Z] [create-default-asia-northeast1-deleteAgency] Retrying task index 0
[debug] [2026-09-09T08:22:15.006Z] Checked if tokens are valid: true, expires at: 1788945665225
[debug] [2026-09-09T08:22:15.006Z] Checked if tokens are valid: true, expires at: 1788945665225
[debug] [2026-09-09T08:22:15.006Z] >>> [apiv2][query] GET https://cloudfunctions.googleapis.com/v1/operations/cHJvamVjdHMvZW1wbG95bWVudC1sbXMvbG9jYXRpb25zL2FzaWEtbm9ydGhlYXN0MS9vcGVyYXRpb25zL29wZXJhdGlvbi0xNzg4OTQyMDg2MjQ3LTY1YjA4ODk5MzE1MjgtMmI2MTRmMWYtMTVmZDllZTI [none]
[debug] [2026-09-09T08:22:15.356Z] <<< [apiv2][status] GET https://cloudfunctions.googleapis.com/v1/operations/cHJvamVjdHMvZW1wbG95bWVudC1sbXMvbG9jYXRpb25zL2FzaWEtbm9ydGhlYXN0MS9vcGVyYXRpb25zL29wZXJhdGlvbi0xNzg4OTQyMDg2MjQ3LTY1YjA4ODk5MzE1MjgtMmI2MTRmMWYtMTVmZDllZTI 200
[debug] [2026-09-09T08:22:15.356Z] <<< [apiv2][body] GET https://cloudfunctions.googleapis.com/v1/operations/cHJvamVjdHMvZW1wbG95bWVudC1sbXMvbG9jYXRpb25zL2FzaWEtbm9ydGhlYXN0MS9vcGVyYXRpb25zL29wZXJhdGlvbi0xNzg4OTQyMDg2MjQ3LTY1YjA4ODk5MzE1MjgtMmI2MTRmMWYtMTVmZDllZTI {"name":"operations/cHJvamVjdHMvZW1wbG95bWVudC1sbXMvbG9jYXRpb25zL2FzaWEtbm9ydGhlYXN0MS9vcGVyYXRpb25zL29wZXJhdGlvbi0xNzg4OTQyMDg2MjQ3LTY1YjA4ODk5MzE1MjgtMmI2MTRmMWYtMTVmZDllZTI","metadata":{"@type":"type.googleapis.com/google.cloud.functions.v1.OperationMetadataV1","target":"projects/employment-lms/locations/asia-northeast1/functions/deleteAgency","type":"CREATE_FUNCTION","request":{"@type":"type.googleapis.com/google.cloud.functions.v1.CloudFunction","name":"projects/employment-lms/locations/asia-northeast1/functions/deleteAgency","httpsTrigger":{"securityLevel":"SECURE_ALWAYS"},"entryPoint":"deleteAgency","timeout":"120s","updateTime":"1970-01-01T00:00:00Z","labels":{"deployment-tool":"cli-firebase","deployment-callable":"true","firebase-functions-hash":"554082e3f17986f4eea4336c914cb5d093dce6fa"},"sourceUploadUrl":"https://storage.googleapis.com/uploads-1016991664020.asia-northeast1.cloudfunctions.appspot.com/03f0bd79-f5a4-485a-8e9d-46182fb21861.zip?GoogleAccessId=service-462721568368@gcf-admin-robot.iam.gserviceaccount.com&Expires=1788943884&Signature=mJ1p4GqReCG8vXj5rjI6W7BnGC%2BamU5zBIh6QKnPWsoTMNYtzFMM2iw6wEBU00Fpqy8dX7OF8RRmYB0v391%2B1GyVH8peBTSBVflG%2FhOJj9ogJiDMMss254MTTh0cDCyXwugTnTwC7FAMAuI5NOxQuxhgtYZDVdxci775XnKaqqBNjrxqh5azncBhSYnPqjES9f%2BkKvHWaDrjkwtGsPzFOQ2aZyklJ0dmhSKwpFavOEPRsvv04BA2G3ghQ0VAKjvA75nSO1zIKkJxQJTJjaiCvnNfbCbcniuX3jspgwQHrfkqHSB5w%2FGOlzW3IYinPuoAjae3p74XNpj5TpFEAXLyuQ%3D%3D","environmentVariables":{"FIREBASE_CONFIG":"{\"projectId\":\"employment-lms\",\"storageBucket\":\"employment-lms.firebasestorage.app\"}","GCLOUD_PROJECT":"employment-lms","EVENTARC_CLOUD_EVENT_SOURCE":"projects/employment-lms/locations/asia-northeast1/functions/deleteAgency"},"runtime":"nodejs22","buildEnvironmentVariables":{"GOOGLE_NODE_RUN_SCRIPTS":""},"dockerRegistry":"ARTIFACT_REGISTRY"},"versionId":"1","updateTime":"2026-09-09T08:21:27.060295140Z","buildId":"6a2eccd8-923d-4adc-840c-94cf8ca88f13","buildName":"projects/462721568368/locations/asia-northeast1/builds/6a2eccd8-923d-4adc-840c-94cf8ca88f13"}}
